// Vitest Snapshot v1, https://vitest.dev/guide/snapshot.html

exports[`Helmet Data > browser > renders declarative without context 1`] = `"<base target=\\"_blank\\" href=\\"http://localhost/\\" data-rh=\\"true\\">"`;

exports[`Helmet Data > browser > renders without context 1`] = `"<base target=\\"_blank\\" href=\\"http://localhost/\\" data-rh=\\"true\\">"`;

exports[`Helmet Data > browser > sets base tag based on deepest nested component 1`] = `"<base href=\\"http://mysite.com/public\\" data-rh=\\"true\\">"`;

exports[`Helmet Data > server > renders declarative without context 1`] = `"<base data-rh=\\"true\\" target=\\"_blank\\" href=\\"http://localhost/\\"/>"`;

exports[`Helmet Data > server > renders without context 1`] = `"<base data-rh=\\"true\\" target=\\"_blank\\" href=\\"http://localhost/\\"/>"`;

exports[`Helmet Data > server > sets base tag based on deepest nested component 1`] = `"<base data-rh=\\"true\\" href=\\"http://mysite.com/public\\"/>"`;

exports[`Helmet Data > server > works with the same context object but separate HelmetData instances 1`] = `"<base data-rh=\\"true\\" href=\\"http://mysite.com/public\\"/>"`;
