// Vitest Snapshot v1, https://vitest.dev/guide/snapshot.html

exports[`server > API > renders noscript tags as React components 1`] = `"<noscript data-rh=\\"true\\" id=\\"foo\\"><link rel=\\"stylesheet\\" type=\\"text/css\\" href=\\"/style.css\\" /></noscript><noscript data-rh=\\"true\\" id=\\"bar\\"><link rel=\\"stylesheet\\" type=\\"text/css\\" href=\\"/style2.css\\" /></noscript>"`;

exports[`server > Declarative API > renders noscript tags as React components 1`] = `"<noscript data-rh=\\"true\\" id=\\"foo\\"><link rel=\\"stylesheet\\" type=\\"text/css\\" href=\\"/style.css\\" /></noscript><noscript data-rh=\\"true\\" id=\\"bar\\"><link rel=\\"stylesheet\\" type=\\"text/css\\" href=\\"/style2.css\\" /></noscript>"`;
