// Vitest Snapshot v1, https://vitest.dev/guide/snapshot.html

exports[`server > API > does not encode all characters with HTML character entity equivalents 1`] = `"<title data-rh=\\"true\\">膣膗 鍆錌雔</title>"`;

exports[`server > API > encodes special characters in title 1`] = `"<title data-rh=\\"true\\">Dangerous &lt;script&gt; include</title>"`;

exports[`server > API > opts out of string encoding 1`] = `"<title data-rh=\\"true\\">This is text and & and '.</title>"`;

exports[`server > API > renders title as React component 1`] = `"<title data-rh=\\"true\\">Dangerous &lt;script&gt; include</title>"`;

exports[`server > API > renders title tag as string 1`] = `"<title data-rh=\\"true\\">Dangerous &lt;script&gt; include</title>"`;

exports[`server > API > renders title with itemprop name as React component 1`] = `"<title data-rh=\\"true\\" itemProp=\\"name\\">Title with Itemprop</title>"`;

exports[`server > API > renders title with itemprop name as string 1`] = `"<title data-rh=\\"true\\" itemprop=\\"name\\">Title with Itemprop</title>"`;

exports[`server > Declarative API > does not encode all characters with HTML character entity equivalents 1`] = `"<title data-rh=\\"true\\">膣膗 鍆錌雔</title>"`;

exports[`server > Declarative API > encodes special characters in title 1`] = `"<title data-rh=\\"true\\">Dangerous &lt;script&gt; include</title>"`;

exports[`server > Declarative API > opts out of string encoding 1`] = `"<title data-rh=\\"true\\">This is text and & and '.</title>"`;

exports[`server > Declarative API > renders title and allows children containing expressions 1`] = `"<title data-rh=\\"true\\">Title: Some Great Title</title>"`;

exports[`server > Declarative API > renders title as React component 1`] = `"<title data-rh=\\"true\\">Dangerous &lt;script&gt; include</title>"`;

exports[`server > Declarative API > renders title tag as string 1`] = `"<title data-rh=\\"true\\">Dangerous &lt;script&gt; include</title>"`;

exports[`server > Declarative API > renders title with itemprop name as React component 1`] = `"<title data-rh=\\"true\\" itemProp=\\"name\\">Title with Itemprop</title>"`;

exports[`server > Declarative API > renders title with itemprop name as string 1`] = `"<title data-rh=\\"true\\" itemprop=\\"name\\">Title with Itemprop</title>"`;

exports[`server > renderStatic > does html encode title 1`] = `"<title data-rh=\\"true\\">Dangerous &lt;script&gt; include</title>"`;

exports[`server > renderStatic > renders title as React component 1`] = `"<title data-rh=\\"true\\">Dangerous &lt;script&gt; include</title>"`;
