// Vitest Snapshot v1, https://vitest.dev/guide/snapshot.html

exports[`onChangeClientState > API > when handling client state change, calls the function with new state, addedTags and removedTags 1`] = `"<base href=\\"http://mysite.com/\\" data-rh=\\"true\\">"`;

exports[`onChangeClientState > API > when handling client state change, calls the function with new state, addedTags and removedTags 2`] = `"<meta charset=\\"utf-8\\" data-rh=\\"true\\">"`;

exports[`onChangeClientState > API > when handling client state change, calls the function with new state, addedTags and removedTags 3`] = `"<link href=\\"http://localhost/helmet\\" rel=\\"canonical\\" data-rh=\\"true\\">"`;

exports[`onChangeClientState > API > when handling client state change, calls the function with new state, addedTags and removedTags 4`] = `"<script src=\\"http://localhost/test.js\\" type=\\"text/javascript\\" data-rh=\\"true\\"></script>"`;

exports[`onChangeClientState > Declarative API > when handling client state change, calls the function with new state, addedTags and removedTags 1`] = `"<base href=\\"http://mysite.com/\\" data-rh=\\"true\\">"`;

exports[`onChangeClientState > Declarative API > when handling client state change, calls the function with new state, addedTags and removedTags 2`] = `"<meta charset=\\"utf-8\\" data-rh=\\"true\\">"`;

exports[`onChangeClientState > Declarative API > when handling client state change, calls the function with new state, addedTags and removedTags 3`] = `"<link href=\\"http://localhost/helmet\\" rel=\\"canonical\\" data-rh=\\"true\\">"`;

exports[`onChangeClientState > Declarative API > when handling client state change, calls the function with new state, addedTags and removedTags 4`] = `"<script src=\\"http://localhost/test.js\\" type=\\"text/javascript\\" data-rh=\\"true\\"></script>"`;
