// Vitest Snapshot v1, https://vitest.dev/guide/snapshot.html

exports[`link tags > API > allows duplicate link tags if specified in the same component 1`] = `"<link rel=\\"canonical\\" href=\\"http://localhost/helmet\\" data-rh=\\"true\\">"`;

exports[`link tags > API > allows duplicate link tags if specified in the same component 2`] = `"<link rel=\\"canonical\\" href=\\"http://localhost/helmet/component\\" data-rh=\\"true\\">"`;

exports[`link tags > API > does not render tag when primary attribute is null 1`] = `"<link rel=\\"canonical\\" href=\\"http://localhost/helmet/component\\" data-rh=\\"true\\">"`;

exports[`link tags > API > overrides duplicate link tags with a single link tag in a nested component 1`] = `"<link rel=\\"canonical\\" href=\\"http://localhost/helmet/innercomponent\\" data-rh=\\"true\\">"`;

exports[`link tags > API > overrides single link tag with duplicate link tags in a nested component 1`] = `"<link rel=\\"canonical\\" href=\\"http://localhost/helmet/component\\" data-rh=\\"true\\">"`;

exports[`link tags > API > overrides single link tag with duplicate link tags in a nested component 2`] = `"<link rel=\\"canonical\\" href=\\"http://localhost/helmet/innercomponent\\" data-rh=\\"true\\">"`;

exports[`link tags > API > sets link tags based on deepest nested component 1`] = `"<link href=\\"http://localhost/style.css\\" rel=\\"stylesheet\\" type=\\"text/css\\" media=\\"all\\" data-rh=\\"true\\">"`;

exports[`link tags > API > sets link tags based on deepest nested component 2`] = `"<link rel=\\"canonical\\" href=\\"http://localhost/helmet/innercomponent\\" data-rh=\\"true\\">"`;

exports[`link tags > API > sets link tags based on deepest nested component 3`] = `"<link href=\\"http://localhost/inner.css\\" rel=\\"stylesheet\\" type=\\"text/css\\" media=\\"all\\" data-rh=\\"true\\">"`;

exports[`link tags > API > tags 'rel' and 'href' properly use 'rel' as the primary identification for this tag, regardless of ordering 1`] = `"<link href=\\"http://localhost/helmet/newest\\" rel=\\"canonical\\" data-rh=\\"true\\">"`;

exports[`link tags > API > tags with rel='stylesheet' uses the href as the primary identification of the tag, regardless of ordering 1`] = `"<link href=\\"http://localhost/style.css\\" rel=\\"stylesheet\\" type=\\"text/css\\" media=\\"all\\" data-rh=\\"true\\">"`;

exports[`link tags > API > tags with rel='stylesheet' uses the href as the primary identification of the tag, regardless of ordering 2`] = `"<link rel=\\"stylesheet\\" href=\\"http://localhost/inner.css\\" type=\\"text/css\\" media=\\"all\\" data-rh=\\"true\\">"`;

exports[`link tags > Declarative API > allows duplicate link tags if specified in the same component 1`] = `"<link rel=\\"canonical\\" href=\\"http://localhost/helmet\\" data-rh=\\"true\\">"`;

exports[`link tags > Declarative API > allows duplicate link tags if specified in the same component 2`] = `"<link rel=\\"canonical\\" href=\\"http://localhost/helmet/component\\" data-rh=\\"true\\">"`;

exports[`link tags > Declarative API > does not render tag when primary attribute is null 1`] = `"<link rel=\\"canonical\\" href=\\"http://localhost/helmet/component\\" data-rh=\\"true\\">"`;

exports[`link tags > Declarative API > overrides duplicate link tags with a single link tag in a nested component 1`] = `"<link rel=\\"canonical\\" href=\\"http://localhost/helmet/innercomponent\\" data-rh=\\"true\\">"`;

exports[`link tags > Declarative API > overrides single link tag with duplicate link tags in a nested component 1`] = `"<link rel=\\"canonical\\" href=\\"http://localhost/helmet/component\\" data-rh=\\"true\\">"`;

exports[`link tags > Declarative API > overrides single link tag with duplicate link tags in a nested component 2`] = `"<link rel=\\"canonical\\" href=\\"http://localhost/helmet/innercomponent\\" data-rh=\\"true\\">"`;

exports[`link tags > Declarative API > sets link tags based on deepest nested component 1`] = `"<link href=\\"http://localhost/style.css\\" rel=\\"stylesheet\\" type=\\"text/css\\" media=\\"all\\" data-rh=\\"true\\">"`;

exports[`link tags > Declarative API > sets link tags based on deepest nested component 2`] = `"<link rel=\\"canonical\\" href=\\"http://localhost/helmet/innercomponent\\" data-rh=\\"true\\">"`;

exports[`link tags > Declarative API > sets link tags based on deepest nested component 3`] = `"<link href=\\"http://localhost/inner.css\\" rel=\\"stylesheet\\" type=\\"text/css\\" media=\\"all\\" data-rh=\\"true\\">"`;

exports[`link tags > Declarative API > tags 'rel' and 'href' properly use 'rel' as the primary identification for this tag, regardless of ordering 1`] = `"<link href=\\"http://localhost/helmet/newest\\" rel=\\"canonical\\" data-rh=\\"true\\">"`;

exports[`link tags > Declarative API > tags with rel='stylesheet' uses the href as the primary identification of the tag, regardless of ordering 1`] = `"<link href=\\"http://localhost/style.css\\" rel=\\"stylesheet\\" type=\\"text/css\\" media=\\"all\\" data-rh=\\"true\\">"`;

exports[`link tags > Declarative API > tags with rel='stylesheet' uses the href as the primary identification of the tag, regardless of ordering 2`] = `"<link rel=\\"stylesheet\\" href=\\"http://localhost/inner.css\\" type=\\"text/css\\" media=\\"all\\" data-rh=\\"true\\">"`;
