// Vitest Snapshot v1, https://vitest.dev/guide/snapshot.html

exports[`meta tags > API > allows duplicate meta tags if specified in the same component 1`] = `"<meta name=\\"description\\" content=\\"Test description\\" data-rh=\\"true\\">"`;

exports[`meta tags > API > allows duplicate meta tags if specified in the same component 2`] = `"<meta name=\\"description\\" content=\\"Duplicate description\\" data-rh=\\"true\\">"`;

exports[`meta tags > API > fails gracefully when meta is wrong shape 1`] = `"Helmet: meta should be of type \\"Array\\". Instead found type \\"object\\""`;

exports[`meta tags > API > overrides duplicate meta tags with single meta tag in a nested component 1`] = `"<meta name=\\"description\\" content=\\"Inner description\\" data-rh=\\"true\\">"`;

exports[`meta tags > API > overrides single meta tag with duplicate meta tags in a nested component 1`] = `"<meta name=\\"description\\" content=\\"Inner description\\" data-rh=\\"true\\">"`;

exports[`meta tags > API > overrides single meta tag with duplicate meta tags in a nested component 2`] = `"<meta name=\\"description\\" content=\\"Inner duplicate description\\" data-rh=\\"true\\">"`;

exports[`meta tags > API > sets meta tags based on deepest nested component 1`] = `"<meta charset=\\"utf-8\\" data-rh=\\"true\\">"`;

exports[`meta tags > API > sets meta tags based on deepest nested component 2`] = `"<meta name=\\"description\\" content=\\"Inner description\\" data-rh=\\"true\\">"`;

exports[`meta tags > API > sets meta tags based on deepest nested component 3`] = `"<meta name=\\"keywords\\" content=\\"test,meta,tags\\" data-rh=\\"true\\">"`;

exports[`meta tags > Declarative API > allows duplicate meta tags if specified in the same component 1`] = `"<meta name=\\"description\\" content=\\"Test description\\" data-rh=\\"true\\">"`;

exports[`meta tags > Declarative API > allows duplicate meta tags if specified in the same component 2`] = `"<meta name=\\"description\\" content=\\"Duplicate description\\" data-rh=\\"true\\">"`;

exports[`meta tags > Declarative API > overrides duplicate meta tags with single meta tag in a nested component 1`] = `"<meta name=\\"description\\" content=\\"Inner description\\" data-rh=\\"true\\">"`;

exports[`meta tags > Declarative API > overrides single meta tag with duplicate meta tags in a nested component 1`] = `"<meta name=\\"description\\" content=\\"Inner description\\" data-rh=\\"true\\">"`;

exports[`meta tags > Declarative API > overrides single meta tag with duplicate meta tags in a nested component 2`] = `"<meta name=\\"description\\" content=\\"Inner duplicate description\\" data-rh=\\"true\\">"`;

exports[`meta tags > Declarative API > sets meta tags based on deepest nested component 1`] = `"<meta charset=\\"utf-8\\" data-rh=\\"true\\">"`;

exports[`meta tags > Declarative API > sets meta tags based on deepest nested component 2`] = `"<meta name=\\"description\\" content=\\"Inner description\\" data-rh=\\"true\\">"`;

exports[`meta tags > Declarative API > sets meta tags based on deepest nested component 3`] = `"<meta name=\\"keywords\\" content=\\"test,meta,tags\\" data-rh=\\"true\\">"`;
