// Vitest Snapshot v1, https://vitest.dev/guide/snapshot.html

exports[`script tags > API > sets script tags based on deepest nested component 1`] = `"<script src=\\"http://localhost/test.js\\" type=\\"text/javascript\\" data-rh=\\"true\\"></script>"`;

exports[`script tags > API > sets script tags based on deepest nested component 2`] = `"<script src=\\"http://localhost/test2.js\\" type=\\"text/javascript\\" data-rh=\\"true\\"></script>"`;

exports[`script tags > API > sets undefined attribute values to empty strings 1`] = `"<script src=\\"foo.js\\" async=\\"\\" data-rh=\\"true\\"></script>"`;

exports[`script tags > Declarative API > sets script tags based on deepest nested component 1`] = `"<script src=\\"http://localhost/test.js\\" type=\\"text/javascript\\" data-rh=\\"true\\"></script>"`;

exports[`script tags > Declarative API > sets script tags based on deepest nested component 2`] = `"<script src=\\"http://localhost/test2.js\\" type=\\"text/javascript\\" data-rh=\\"true\\"></script>"`;

exports[`script tags > Declarative API > sets undefined attribute values to empty strings 1`] = `"<script src=\\"foo.js\\" async=\\"\\" data-rh=\\"true\\"></script>"`;
